0 info it worked if it ends with ok
1 verbose cli [ 'C:\\Program Files (x86)\\nodejs\\node.exe',
1 verbose cli   'C:\\Program Files (x86)\\nodejs\\node_modules\\npm\\bin\\npm-cli.js',
1 verbose cli   'run',
1 verbose cli   'build' ]
2 info using npm@3.10.10
3 info using node@v6.10.3
4 verbose run-script [ 'prebuild', 'build', 'postbuild' ]
5 info lifecycle tippspiel@0.1.0~prebuild: tippspiel@0.1.0
6 silly lifecycle tippspiel@0.1.0~prebuild: no script for prebuild, continuing
7 info lifecycle tippspiel@0.1.0~build: tippspiel@0.1.0
8 verbose lifecycle tippspiel@0.1.0~build: unsafe-perm in lifecycle true
9 verbose lifecycle tippspiel@0.1.0~build: PATH: C:\Program Files (x86)\nodejs\node_modules\npm\bin\node-gyp-bin;D:\Users\morit\OneDrive\Dokumente\GitHub\tippspiel\node_modules\.bin;C:\WINDOWS\system32;C:\WINDOWS;C:\WINDOWS\System32\Wbem;C:\WINDOWS\System32\WindowsPowerShell\v1.0\;C:\WINDOWS\System32\OpenSSH\;C:\Program Files\NVIDIA Corporation\NVIDIA NvDLISR;C:\Program Files (x86)\NVIDIA Corporation\PhysX\Common;C:\Program Files (x86)\nodejs\;C:\WINDOWS\system32;C:\WINDOWS;C:\WINDOWS\System32\Wbem;C:\WINDOWS\System32\WindowsPowerShell\v1.0\;C:\WINDOWS\System32\OpenSSH\;C:\Users\Moritz\AppData\Local\Microsoft\WindowsApps;C:\Users\Moritz\AppData\Roaming\npm;C:\Users\Moritz\AppData\Local\Programs\Microsoft VS Code\bin;C:\Users\Moritz\AppData\Local\GitHubDesktop\bin
10 verbose lifecycle tippspiel@0.1.0~build: CWD: D:\Users\morit\OneDrive\Dokumente\GitHub\tippspiel
11 silly lifecycle tippspiel@0.1.0~build: Args: [ '/d /s /c', 'react-scripts build' ]
12 silly lifecycle tippspiel@0.1.0~build: Returned: code: 1  signal: null
13 info lifecycle tippspiel@0.1.0~build: Failed to exec build script
14 verbose stack Error: tippspiel@0.1.0 build: `react-scripts build`
14 verbose stack Exit status 1
14 verbose stack     at EventEmitter.<anonymous> (C:\Program Files (x86)\nodejs\node_modules\npm\lib\utils\lifecycle.js:255:16)
14 verbose stack     at emitTwo (events.js:106:13)
14 verbose stack     at EventEmitter.emit (events.js:191:7)
14 verbose stack     at ChildProcess.<anonymous> (C:\Program Files (x86)\nodejs\node_modules\npm\lib\utils\spawn.js:40:14)
14 verbose stack     at emitTwo (events.js:106:13)
14 verbose stack     at ChildProcess.emit (events.js:191:7)
14 verbose stack     at maybeClose (internal/child_process.js:886:16)
14 verbose stack     at Process.ChildProcess._handle.onexit (internal/child_process.js:226:5)
15 verbose pkgid tippspiel@0.1.0
16 verbose cwd D:\Users\morit\OneDrive\Dokumente\GitHub\tippspiel
17 error Windows_NT 10.0.26200
18 error argv "C:\\Program Files (x86)\\nodejs\\node.exe" "C:\\Program Files (x86)\\nodejs\\node_modules\\npm\\bin\\npm-cli.js" "run" "build"
19 error node v6.10.3
20 error npm  v3.10.10
21 error code ELIFECYCLE
22 error tippspiel@0.1.0 build: `react-scripts build`
22 error Exit status 1
23 error Failed at the tippspiel@0.1.0 build script 'react-scripts build'.
23 error Make sure you have the latest version of node.js and npm installed.
23 error If you do, this is most likely a problem with the tippspiel package,
23 error not with npm itself.
23 error Tell the author that this fails on your system:
23 error     react-scripts build
23 error You can get information on how to open an issue for this project with:
23 error     npm bugs tippspiel
23 error Or if that isn't available, you can get their info via:
23 error     npm owner ls tippspiel
23 error There is likely additional logging output above.
24 verbose exit [ 1, true ]
